// Jest Snapshot v1, https://goo.gl/fbAQLP

exports[`Snapshot testing Should match exisiting snapshot 1`] = `[Function]`;
